
Lopez@W2F MINGW64 ~
$ git --version
git version 2.8.1.windows.1

Lopez@W2F MINGW64 ~
$ git --version
git version 2.8.1.windows.1

Lopez@W2F MINGW64 ~
$ f:
bash: f:: command not found

Lopez@W2F MINGW64 ~
$ f:\
> dir
bash: f:dir: command not found

Lopez@W2F MINGW64 ~
$ git -- version
Unknown option: --
usage: git [--version] [--help] [-C <path>] [-c name=value]
           [--exec-path[=<path>]] [--html-path] [--man-path] [--info-path]
           [-p | --paginate | --no-pager] [--no-replace-objects] [--bare]
           [--git-dir=<path>] [--work-tree=<path>] [--namespace=<name>]
           <command> [<args>]

Lopez@W2F MINGW64 ~
$ cd f:

Lopez@W2F MINGW64 /f
$ dir
$Recycle.Bin                                ExcelDevelopmentTools               OneDriveTemp
2007\ Office\ System\ Developer\ Resources  GdPicture.NET\ 11                   pagefile.sys
Boot                                        GoogleDrive                         Program\ Files
bootmgr                                     iTunes                              Program\ Files\ (x86)
BOOTSECT.BAK                                iTunes2015                          ProgramData
DATASET                                     MEGA                                SQL2012FileStreamData
DEV                                         MSOCache                            System\ Volume\ Information
DOCS                                        MyWeb_Assets                        Users
Documents\ and\ Settings                    NinjaTrader\ Backup                 VBSourceBook6Samples
Downloads                                   Office\ 2010\ Developer\ Resources  Windows
DropBox                                     OLD\ VISTA\ FILES                   WindowsImageBackup
DropBoxOLD                                  OneDrive

Lopez@W2F MINGW64 /f
$ cd F:\DEV\WEB
bash: cd: F:DEVWEB: No such file or directory

Lopez@W2F MINGW64 /f
$ cd \dev

Lopez@W2F MINGW64 /f/dev
$ cd \web\gittesting
bash: cd: webgittesting: No such file or directory

Lopez@W2F MINGW64 /f/dev
$ cd \web

Lopez@W2F MINGW64 /f/dev/web
$ dir
bootstrap                       HTML        startbootstrap-agency-1.0.4           startbootstrap-stylish-portfolio-1.0.3
Butterfly-Free-Bootstrap-Theme  JLopezCoUk  startbootstrap-freelancer-1.0.3
GitTesting                      JuanLopez   startbootstrap-landing-page-1.0.4
Gobala-Bootstrap                kelvin      startbootstrap-modern-business-1.0.3

Lopez@W2F MINGW64 /f/dev/web
$ cd \gittesting

Lopez@W2F MINGW64 /f/dev/web/gittesting
$ dir
Ch01  Ch02  Ex_Files_UaR_Git_GitHub.zip

Lopez@W2F MINGW64 /f/dev/web/gittesting
$ git init
Initialized empty Git repository in F:/DEV/WEB/gittesting/.git/

Lopez@W2F MINGW64 /f/dev/web/gittesting (master)
$ dir
Ch01  Ch02  Ex_Files_UaR_Git_GitHub.zip

Lopez@W2F MINGW64 /f/dev/web/gittesting (master)
$ cd f:

Lopez@W2F MINGW64 /f
$ dir
$Recycle.Bin                                ExcelDevelopmentTools               OneDriveTemp
2007\ Office\ System\ Developer\ Resources  GdPicture.NET\ 11                   pagefile.sys
Boot                                        GoogleDrive                         Program\ Files
bootmgr                                     iTunes                              Program\ Files\ (x86)
BOOTSECT.BAK                                iTunes2015                          ProgramData
DATASET                                     MEGA                                SQL2012FileStreamData
DEV                                         MSOCache                            System\ Volume\ Information
DOCS                                        MyWeb_Assets                        Users
Documents\ and\ Settings                    NinjaTrader\ Backup                 VBSourceBook6Samples
Downloads                                   Office\ 2010\ Developer\ Resources  Windows
DropBox                                     OLD\ VISTA\ FILES                   WindowsImageBackup
DropBoxOLD                                  OneDrive

Lopez@W2F MINGW64 /f
$ cd /dev\web
bash: cd: /devweb: No such file or directory

Lopez@W2F MINGW64 /f
$ cd dev/web

Lopez@W2F MINGW64 /f/dev/web
$ dir
bootstrap                       HTML        startbootstrap-agency-1.0.4           startbootstrap-stylish-portfolio-1.0.3
Butterfly-Free-Bootstrap-Theme  JLopezCoUk  startbootstrap-freelancer-1.0.3
GitTesting                      JuanLopez   startbootstrap-landing-page-1.0.4
Gobala-Bootstrap                kelvin      startbootstrap-modern-business-1.0.3

Lopez@W2F MINGW64 /f/dev/web
$ cd \gittesting

Lopez@W2F MINGW64 /f/dev/web/gittesting (master)
$ dir
Ch01  Ch02  Ex_Files_UaR_Git_GitHub.zip

Lopez@W2F MINGW64 /f/dev/web/gittesting (master)
$ ls -la
total 7760
drwxr-xr-x 1 Lopez 197121       0 Jul 29 14:18 ./
drwxr-xr-x 1 Lopez 197121       0 Jul 29 13:46 ../
drwxr-xr-x 1 Lopez 197121       0 Jul 29 14:18 .git/
drwxr-xr-x 1 Lopez 197121       0 Jul 29 14:12 Ch01/
drwxr-xr-x 1 Lopez 197121       0 Jul 29 14:12 Ch02/
-rw-r--r-- 1 Lopez 197121 7935562 Jul 29 14:11 Ex_Files_UaR_Git_GitHub.zip

Lopez@W2F MINGW64 /f/dev/web/gittesting (master)
$ git status
On branch master

Initial commit

Untracked files:
  (use "git add <file>..." to include in what will be committed)

        Ch01/
        Ch02/
        Ex_Files_UaR_Git_GitHub.zip

nothing added to commit but untracked files present (use "git add" to track)

Lopez@W2F MINGW64 /f/dev/web/gittesting (master)
$ git add Ex_Files_UaR_Git_GitHub.zip

Lopez@W2F MINGW64 /f/dev/web/gittesting (master)
$ git status
On branch master

Initial commit

Changes to be committed:
  (use "git rm --cached <file>..." to unstage)

        new file:   Ex_Files_UaR_Git_GitHub.zip

Untracked files:
  (use "git add <file>..." to include in what will be committed)

        Ch01/
        Ch02/


Lopez@W2F MINGW64 /f/dev/web/gittesting (master)
$ git add .
warning: LF will be replaced by CRLF in Ch02/images/icon-exoticpets.svg.
The file will have its original line endings in your working directory.
warning: LF will be replaced by CRLF in Ch02/images/icon-grooming.svg.
The file will have its original line endings in your working directory.
warning: LF will be replaced by CRLF in Ch02/images/icon-health.svg.
The file will have its original line endings in your working directory.
warning: LF will be replaced by CRLF in Ch02/images/icon-nutrition.svg.
The file will have its original line endings in your working directory.
warning: LF will be replaced by CRLF in Ch02/images/icon-pestcontrol.svg.
The file will have its original line endings in your working directory.
warning: LF will be replaced by CRLF in Ch02/images/icon-vaccinations.svg.
The file will have its original line endings in your working directory.
warning: LF will be replaced by CRLF in Ch02/images/wisdompetlogo.svg.
The file will have its original line endings in your working directory.

Lopez@W2F MINGW64 /f/dev/web/gittesting (master)
$ git status
On branch master

Initial commit

Changes to be committed:
  (use "git rm --cached <file>..." to unstage)

        new file:   Ch01/01_03/project
        new file:   Ch01/01_04/project
        new file:   Ch01/01_05/project
        new file:   Ch01/01_06/project
        new file:   Ch01/01_07/project
        new file:   Ch02/images/carousel-exoticanimals.jpg
        new file:   Ch02/images/carousel-fish.jpg
        new file:   Ch02/images/carousel-lifestyle.jpg
        new file:   Ch02/images/carousel-mission.jpg
        new file:   Ch02/images/carousel-stateoftheart.jpg
        new file:   Ch02/images/carousel-vaccinations.jpg
        new file:   Ch02/images/doctor-chase.jpg
        new file:   Ch02/images/doctor-sanders.jpg
        new file:   Ch02/images/doctor-winthrop.jpg
        new file:   Ch02/images/icon-exoticpets.svg
        new file:   Ch02/images/icon-grooming.svg
        new file:   Ch02/images/icon-health.svg
        new file:   Ch02/images/icon-nutrition.svg
        new file:   Ch02/images/icon-pestcontrol.svg
        new file:   Ch02/images/icon-vaccinations.svg
        new file:   Ch02/images/testimonial-janeh.jpg
        new file:   Ch02/images/testimonial-johnb.jpg
        new file:   Ch02/images/testimonial-lorraines.jpg
        new file:   Ch02/images/testimonial-mcphersons.jpg
        new file:   Ch02/images/wisdompetlogo.svg
        new file:   Ex_Files_UaR_Git_GitHub.zip


Lopez@W2F MINGW64 /f/dev/web/gittesting (master)
$ git commit -m "initial commit"
[master (root-commit) bda85c6] initial commit
warning: LF will be replaced by CRLF in Ch02/images/icon-exoticpets.svg.
The file will have its original line endings in your working directory.
warning: LF will be replaced by CRLF in Ch02/images/icon-grooming.svg.
The file will have its original line endings in your working directory.
warning: LF will be replaced by CRLF in Ch02/images/icon-health.svg.
The file will have its original line endings in your working directory.
warning: LF will be replaced by CRLF in Ch02/images/icon-nutrition.svg.
The file will have its original line endings in your working directory.
warning: LF will be replaced by CRLF in Ch02/images/icon-pestcontrol.svg.
The file will have its original line endings in your working directory.
warning: LF will be replaced by CRLF in Ch02/images/icon-vaccinations.svg.
The file will have its original line endings in your working directory.
warning: LF will be replaced by CRLF in Ch02/images/wisdompetlogo.svg.
The file will have its original line endings in your working directory.
 26 files changed, 165 insertions(+)
 create mode 160000 Ch01/01_03/project
 create mode 160000 Ch01/01_04/project
 create mode 160000 Ch01/01_05/project
 create mode 160000 Ch01/01_06/project
 create mode 160000 Ch01/01_07/project
 create mode 100644 Ch02/images/carousel-exoticanimals.jpg
 create mode 100644 Ch02/images/carousel-fish.jpg
 create mode 100644 Ch02/images/carousel-lifestyle.jpg
 create mode 100644 Ch02/images/carousel-mission.jpg
 create mode 100644 Ch02/images/carousel-stateoftheart.jpg
 create mode 100644 Ch02/images/carousel-vaccinations.jpg
 create mode 100644 Ch02/images/doctor-chase.jpg
 create mode 100644 Ch02/images/doctor-sanders.jpg
 create mode 100644 Ch02/images/doctor-winthrop.jpg
 create mode 100644 Ch02/images/icon-exoticpets.svg
 create mode 100644 Ch02/images/icon-grooming.svg
 create mode 100644 Ch02/images/icon-health.svg
 create mode 100644 Ch02/images/icon-nutrition.svg
 create mode 100644 Ch02/images/icon-pestcontrol.svg
 create mode 100644 Ch02/images/icon-vaccinations.svg
 create mode 100644 Ch02/images/testimonial-janeh.jpg
 create mode 100644 Ch02/images/testimonial-johnb.jpg
 create mode 100644 Ch02/images/testimonial-lorraines.jpg
 create mode 100644 Ch02/images/testimonial-mcphersons.jpg
 create mode 100644 Ch02/images/wisdompetlogo.svg
 create mode 100644 Ex_Files_UaR_Git_GitHub.zip

Lopez@W2F MINGW64 /f/dev/web/gittesting (master)
$ git status
On branch master
nothing to commit, working directory clean

Lopez@W2F MINGW64 /f/dev/web/gittesting (master)
$ git config --global user.email "jlopez@jlopez.co.uk"

Lopez@W2F MINGW64 /f/dev/web/gittesting (master)
$ git config --global user.name "solondon"

Lopez@W2F MINGW64 /f/dev/web/gittesting (master)
$ git status
On branch master
nothing to commit, working directory clean

Lopez@W2F MINGW64 /f/dev/web/gittesting (master)
$ git log
commit bda85c691b3708e77e0d34f92a0db473be617efd
Author: Juan Lopez <jlopez@jlopez.co.uk>
Date:   Fri Jul 29 14:43:16 2016 +0100

    initial commit

Lopez@W2F MINGW64 /f/dev/web/gittesting (master)
$ git status
On branch master
Untracked files:
  (use "git add <file>..." to include in what will be committed)

        Testing.txt

nothing added to commit but untracked files present (use "git add" to track)

Lopez@W2F MINGW64 /f/dev/web/gittesting (master)
$ git add .

Lopez@W2F MINGW64 /f/dev/web/gittesting (master)
$ git status
On branch master
Changes to be committed:
  (use "git reset HEAD <file>..." to unstage)

        new file:   Testing.txt


Lopez@W2F MINGW64 /f/dev/web/gittesting (master)
$ git commit -m "second commit"
[master d9ac5cb] second commit
 1 file changed, 2 insertions(+)
 create mode 100644 Testing.txt

Lopez@W2F MINGW64 /f/dev/web/gittesting (master)
$ git status
On branch master
nothing to commit, working directory clean

Lopez@W2F MINGW64 /f/dev/web/gittesting (master)
$ git status
On branch master
Changes not staged for commit:
  (use "git add <file>..." to update what will be committed)
  (use "git checkout -- <file>..." to discard changes in working directory)

        modified:   Testing.txt

no changes added to commit (use "git add" and/or "git commit -a")

Lopez@W2F MINGW64 /f/dev/web/gittesting (master)
$ git checkout --Testing.txt
error: unknown option `Testing.txt'
usage: git checkout [<options>] <branch>
   or: git checkout [<options>] [<branch>] -- <file>...

    -q, --quiet           suppress progress reporting
    -b <branch>           create and checkout a new branch
    -B <branch>           create/reset and checkout a branch
    -l                    create reflog for new branch
    --detach              detach the HEAD at named commit
    -t, --track           set upstream info for new branch
    --orphan <new-branch>
                          new unparented branch
    -2, --ours            checkout our version for unmerged files
    -3, --theirs          checkout their version for unmerged files
    -f, --force           force checkout (throw away local modifications)
    -m, --merge           perform a 3-way merge with the new branch
    --overwrite-ignore    update ignored files (default)
    --conflict <style>    conflict style (merge or diff3)
    -p, --patch           select hunks interactively
    --ignore-skip-worktree-bits
                          do not limit pathspecs to sparse entries only
    --ignore-other-worktrees
                          do not check if another worktree is holding the given ref
    --progress            force progress reporting


Lopez@W2F MINGW64 /f/dev/web/gittesting (master)
$ git checkout Testing.txt

Lopez@W2F MINGW64 /f/dev/web/gittesting (master)
$ git status
On branch master
nothing to commit, working directory clean

Lopez@W2F MINGW64 /f/dev/web/gittesting (master)
$ git status
On branch master
Changes not staged for commit:
  (use "git add <file>..." to update what will be committed)
  (use "git checkout -- <file>..." to discard changes in working directory)

        modified:   Testing.txt

no changes added to commit (use "git add" and/or "git commit -a")

Lopez@W2F MINGW64 /f/dev/web/gittesting (master)
$ git add .

Lopez@W2F MINGW64 /f/dev/web/gittesting (master)
$ git status
On branch master
Changes to be committed:
  (use "git reset HEAD <file>..." to unstage)

        modified:   Testing.txt


Lopez@W2F MINGW64 /f/dev/web/gittesting (master)
$ git commit -m "third commit"
[master dbe85cf] third commit
 1 file changed, 1 insertion(+), 1 deletion(-)

Lopez@W2F MINGW64 /f/dev/web/gittesting (master)
$ git status
On branch master
nothing to commit, working directory clean

Lopez@W2F MINGW64 /f/dev/web/gittesting (master)
$ git log
commit dbe85cf87ca4daa3209bb56b8c49e129f101d5cd
Author: solondon <jlopez@jlopez.co.uk>
Date:   Fri Jul 29 15:21:54 2016 +0100

    third commit

commit d9ac5cbbfd9f63cd75e38e56761a39b255e85123
Author: solondon <jlopez@jlopez.co.uk>
Date:   Fri Jul 29 15:13:04 2016 +0100

    second commit

commit bda85c691b3708e77e0d34f92a0db473be617efd
Author: Juan Lopez <jlopez@jlopez.co.uk>
Date:   Fri Jul 29 14:43:16 2016 +0100

    initial commit

Lopez@W2F MINGW64 /f/dev/web/gittesting (master)
$ git status
On branch master
Untracked files:
  (use "git add <file>..." to include in what will be committed)

        Testing - Copy.txt

nothing added to commit but untracked files present (use "git add" to track)

Lopez@W2F MINGW64 /f/dev/web/gittesting (master)
$ git add .

Lopez@W2F MINGW64 /f/dev/web/gittesting (master)
$ git status
On branch master
Changes to be committed:
  (use "git reset HEAD <file>..." to unstage)

        new file:   Testing - Copy.txt


Lopez@W2F MINGW64 /f/dev/web/gittesting (master)
$ git reset HEAD "Testing - Copy.txt"

Lopez@W2F MINGW64 /f/dev/web/gittesting (master)
$ git status
On branch master
Untracked files:
  (use "git add <file>..." to include in what will be committed)

        Testing - Copy.txt

nothing added to commit but untracked files present (use "git add" to track)

Lopez@W2F MINGW64 /f/dev/web/gittesting (master)
$ git add .

Lopez@W2F MINGW64 /f/dev/web/gittesting (master)
$ git rm "Testing - Copy.txt"
error: the following file has changes staged in the index:
    Testing - Copy.txt
(use --cached to keep the file, or -f to force removal)

Lopez@W2F MINGW64 /f/dev/web/gittesting (master)
$ git status
On branch master
Changes to be committed:
  (use "git reset HEAD <file>..." to unstage)

        new file:   Testing - Copy.txt


Lopez@W2F MINGW64 /f/dev/web/gittesting (master)
$ git reset HEAD "Testing - Copy.txt"

Lopez@W2F MINGW64 /f/dev/web/gittesting (master)
$ git status
On branch master
Untracked files:
  (use "git add <file>..." to include in what will be committed)

        Testing - Copy.txt

nothing added to commit but untracked files present (use "git add" to track)

Lopez@W2F MINGW64 /f/dev/web/gittesting (master)
$ git status
On branch master
nothing to commit, working directory clean

Lopez@W2F MINGW64 /f/dev/web/gittesting (master)
$ git branch
* master

Lopez@W2F MINGW64 /f/dev/web/gittesting (master)
$ git log
commit dbe85cf87ca4daa3209bb56b8c49e129f101d5cd
Author: solondon <jlopez@jlopez.co.uk>
Date:   Fri Jul 29 15:21:54 2016 +0100

    third commit

commit d9ac5cbbfd9f63cd75e38e56761a39b255e85123
Author: solondon <jlopez@jlopez.co.uk>
Date:   Fri Jul 29 15:13:04 2016 +0100

    second commit

commit bda85c691b3708e77e0d34f92a0db473be617efd
Author: Juan Lopez <jlopez@jlopez.co.uk>
Date:   Fri Jul 29 14:43:16 2016 +0100

    initial commit

Lopez@W2F MINGW64 /f/dev/web/gittesting (master)
$ git checkout d9ac5cbbfd9f63cd75e38e56761a39b255e85123
Note: checking out 'd9ac5cbbfd9f63cd75e38e56761a39b255e85123'.

You are in 'detached HEAD' state. You can look around, make experimental
changes and commit them, and you can discard any commits you make in this
state without impacting any branches by performing another checkout.

If you want to create a new branch to retain commits you create, you may
do so (now or later) by using -b with the checkout command again. Example:

  git checkout -b <new-branch-name>

HEAD is now at d9ac5cb... second commit

Lopez@W2F MINGW64 /f/dev/web/gittesting ((d9ac5cb...))
$ git status
HEAD detached at d9ac5cb
Changes not staged for commit:
  (use "git add <file>..." to update what will be committed)
  (use "git checkout -- <file>..." to discard changes in working directory)

        modified:   Testing.txt

no changes added to commit (use "git add" and/or "git commit -a")

Lopez@W2F MINGW64 /f/dev/web/gittesting ((d9ac5cb...))
$ git add .

Lopez@W2F MINGW64 /f/dev/web/gittesting ((d9ac5cb...))
$ git status
HEAD detached at d9ac5cb
Changes to be committed:
  (use "git reset HEAD <file>..." to unstage)

        modified:   Testing.txt


Lopez@W2F MINGW64 /f/dev/web/gittesting ((d9ac5cb...))
$ git commit -m "alternate head"
[detached HEAD 9c225f1] alternate head
 1 file changed, 1 insertion(+)

Lopez@W2F MINGW64 /f/dev/web/gittesting ((9c225f1...))
$ git status
HEAD detached from d9ac5cb
nothing to commit, working directory clean

Lopez@W2F MINGW64 /f/dev/web/gittesting ((9c225f1...))
$ git branch
* (HEAD detached from d9ac5cb)
  master

Lopez@W2F MINGW64 /f/dev/web/gittesting ((9c225f1...))
$ git checkout master
Warning: you are leaving 1 commit behind, not connected to
any of your branches:

  9c225f1 alternate head

If you want to keep it by creating a new branch, this may be a good time
to do so with:

 git branch <new-branch-name> 9c225f1

Switched to branch 'master'

Lopez@W2F MINGW64 /f/dev/web/gittesting (master)
$ git log
commit dbe85cf87ca4daa3209bb56b8c49e129f101d5cd
Author: solondon <jlopez@jlopez.co.uk>
Date:   Fri Jul 29 15:21:54 2016 +0100

    third commit

commit d9ac5cbbfd9f63cd75e38e56761a39b255e85123
Author: solondon <jlopez@jlopez.co.uk>
Date:   Fri Jul 29 15:13:04 2016 +0100

    second commit

commit bda85c691b3708e77e0d34f92a0db473be617efd
Author: Juan Lopez <jlopez@jlopez.co.uk>
Date:   Fri Jul 29 14:43:16 2016 +0100

    initial commit

Lopez@W2F MINGW64 /f/dev/web/gittesting (master)
$ git branch alternateHead 9c225f1

Lopez@W2F MINGW64 /f/dev/web/gittesting (master)
$ git branch
  alternateHead
* master

Lopez@W2F MINGW64 /f/dev/web/gittesting (master)
$ git status
On branch master
Untracked files:
  (use "git add <file>..." to include in what will be committed)

        GitCommands.txt

nothing added to commit but untracked files present (use "git add" to track)

Lopez@W2F MINGW64 /f/dev/web/gittesting (master)
$ git add .

Lopez@W2F MINGW64 /f/dev/web/gittesting (master)
$ git status
On branch master
Changes to be committed:
  (use "git reset HEAD <file>..." to unstage)

        new file:   GitCommands.txt


Lopez@W2F MINGW64 /f/dev/web/gittesting (master)
$ git commit -m "added command log gitbash"
[master 2d5243c] added command log gitbash
 1 file changed, 614 insertions(+)
 create mode 100644 GitCommands.txt

Lopez@W2F MINGW64 /f/dev/web/gittesting (master)
$ git status
On branch master
nothing to commit, working directory clean

Lopez@W2F MINGW64 /f/dev/web/gittesting (master)
$ git status
On branch master
nothing to commit, working directory clean

Lopez@W2F MINGW64 /f/dev/web/gittesting (master)
$ git branch
  alternateHead
* master

Lopez@W2F MINGW64 /f/dev/web/gittesting (master)
$ git status
On branch master
Changes not staged for commit:
  (use "git add/rm <file>..." to update what will be committed)
  (use "git checkout -- <file>..." to discard changes in working directory)

        deleted:    Testing.txt

no changes added to commit (use "git add" and/or "git commit -a")

Lopez@W2F MINGW64 /f/dev/web/gittesting (master)
$ git checkout testing.txt
error: pathspec 'testing.txt' did not match any file(s) known to git.

Lopez@W2F MINGW64 /f/dev/web/gittesting (master)
$ git checkout Testing.txt

Lopez@W2F MINGW64 /f/dev/web/gittesting (master)
$ git status
On branch master
nothing to commit, working directory clean

Lopez@W2F MINGW64 /f/dev/web/gittesting (master)
$ git add .

Lopez@W2F MINGW64 /f/dev/web/gittesting (master)
$ git status
On branch master
Changes to be committed:
  (use "git reset HEAD <file>..." to unstage)

        deleted:    Testing.txt


Lopez@W2F MINGW64 /f/dev/web/gittesting (master)
$ git reset HEAD Testing.txt
Unstaged changes after reset:
D       Testing.txt

Lopez@W2F MINGW64 /f/dev/web/gittesting (master)
$ git status
On branch master
Changes not staged for commit:
  (use "git add/rm <file>..." to update what will be committed)
  (use "git checkout -- <file>..." to discard changes in working directory)

        deleted:    Testing.txt

no changes added to commit (use "git add" and/or "git commit -a")

Lopez@W2F MINGW64 /f/dev/web/gittesting (master)
$ git reset HEAD Testing.txt
Unstaged changes after reset:
D       Testing.txt

Lopez@W2F MINGW64 /f/dev/web/gittesting (master)
$ git status
On branch master
Changes not staged for commit:
  (use "git add/rm <file>..." to update what will be committed)
  (use "git checkout -- <file>..." to discard changes in working directory)

        deleted:    Testing.txt

no changes added to commit (use "git add" and/or "git commit -a")

Lopez@W2F MINGW64 /f/dev/web/gittesting (master)
$ git checkout Testing.txt

Lopez@W2F MINGW64 /f/dev/web/gittesting (master)
$ git status
On branch master
nothing to commit, working directory clean

Lopez@W2F MINGW64 /f/dev/web/gittesting (master)
$ git rm Testing.txt
rm 'Testing.txt'

Lopez@W2F MINGW64 /f/dev/web/gittesting (master)
$ git status
On branch master
Changes to be committed:
  (use "git reset HEAD <file>..." to unstage)

        deleted:    Testing.txt


Lopez@W2F MINGW64 /f/dev/web/gittesting (master)
$ git add --all

Lopez@W2F MINGW64 /f/dev/web/gittesting (master)
$ git status
On branch master
Changes to be committed:
  (use "git reset HEAD <file>..." to unstage)

        deleted:    Testing.txt


Lopez@W2F MINGW64 /f/dev/web/gittesting (master)
$ git log
commit 2d5243c2ef528211a5056d9c8dabbaec50b6f7a6
Author: solondon <jlopez@jlopez.co.uk>
Date:   Fri Jul 29 16:39:05 2016 +0100

    added command log gitbash

commit dbe85cf87ca4daa3209bb56b8c49e129f101d5cd
Author: solondon <jlopez@jlopez.co.uk>
Date:   Fri Jul 29 15:21:54 2016 +0100

    third commit

commit d9ac5cbbfd9f63cd75e38e56761a39b255e85123
Author: solondon <jlopez@jlopez.co.uk>
Date:   Fri Jul 29 15:13:04 2016 +0100

    second commit

commit bda85c691b3708e77e0d34f92a0db473be617efd
Author: Juan Lopez <jlopez@jlopez.co.uk>
Date:   Fri Jul 29 14:43:16 2016 +0100

    initial commit

Lopez@W2F MINGW64 /f/dev/web/gittesting (master)
$ git commit -m "removed Testing.txt"
[master 6ce34b3] removed Testing.txt
 1 file changed, 2 deletions(-)
 delete mode 100644 Testing.txt

Lopez@W2F MINGW64 /f/dev/web/gittesting (master)
$ git status
On branch master
nothing to commit, working directory clean

Lopez@W2F MINGW64 /f/dev/web/gittesting (master)
$ git log
commit 6ce34b36941de4980c2c0d448c15550fcca42c5e
Author: solondon <jlopez@jlopez.co.uk>
Date:   Wed Aug 3 11:18:19 2016 +0100

    removed Testing.txt

commit 2d5243c2ef528211a5056d9c8dabbaec50b6f7a6
Author: solondon <jlopez@jlopez.co.uk>
Date:   Fri Jul 29 16:39:05 2016 +0100

    added command log gitbash

commit dbe85cf87ca4daa3209bb56b8c49e129f101d5cd
Author: solondon <jlopez@jlopez.co.uk>
Date:   Fri Jul 29 15:21:54 2016 +0100

    third commit

commit d9ac5cbbfd9f63cd75e38e56761a39b255e85123
Author: solondon <jlopez@jlopez.co.uk>
Date:   Fri Jul 29 15:13:04 2016 +0100

    second commit

commit bda85c691b3708e77e0d34f92a0db473be617efd
Author: Juan Lopez <jlopez@jlopez.co.uk>
Date:   Fri Jul 29 14:43:16 2016 +0100

    initial commit

Lopez@W2F MINGW64 /f/dev/web/gittesting (master)
$ git checkout bda85c691b3
Note: checking out 'bda85c691b3'.

You are in 'detached HEAD' state. You can look around, make experimental
changes and commit them, and you can discard any commits you make in this
state without impacting any branches by performing another checkout.

If you want to create a new branch to retain commits you create, you may
do so (now or later) by using -b with the checkout command again. Example:

  git checkout -b <new-branch-name>

HEAD is now at bda85c6... initial commit

Lopez@W2F MINGW64 /f/dev/web/gittesting ((bda85c6...))
$ git status
HEAD detached at bda85c6
nothing to commit, working directory clean

Lopez@W2F MINGW64 /f/dev/web/gittesting ((bda85c6...))
$ git status
HEAD detached at bda85c6
Untracked files:
  (use "git add <file>..." to include in what will be committed)

        SampleOffInitial.txt

nothing added to commit but untracked files present (use "git add" to track)

Lopez@W2F MINGW64 /f/dev/web/gittesting ((bda85c6...))
$ git add .

Lopez@W2F MINGW64 /f/dev/web/gittesting ((bda85c6...))
$ git status
HEAD detached at bda85c6
Changes to be committed:
  (use "git reset HEAD <file>..." to unstage)

        new file:   SampleOffInitial.txt


Lopez@W2F MINGW64 /f/dev/web/gittesting ((bda85c6...))
$ git commit -m "added sample off initial commit"
[detached HEAD 6c50427] added sample off initial commit
 1 file changed, 1 insertion(+)
 create mode 100644 SampleOffInitial.txt

Lopez@W2F MINGW64 /f/dev/web/gittesting ((6c50427...))
$ git status
HEAD detached from bda85c6
nothing to commit, working directory clean

Lopez@W2F MINGW64 /f/dev/web/gittesting ((6c50427...))
$ git branch
* (HEAD detached from bda85c6)
  alternateHead
  master

Lopez@W2F MINGW64 /f/dev/web/gittesting ((6c50427...))
$ git checkout master
Warning: you are leaving 1 commit behind, not connected to
any of your branches:

  6c50427 added sample off initial commit

If you want to keep it by creating a new branch, this may be a good time
to do so with:

 git branch <new-branch-name> 6c50427

Switched to branch 'master'

Lopez@W2F MINGW64 /f/dev/web/gittesting (master)
$ git branch OffInitialCommit 6c50427

Lopez@W2F MINGW64 /f/dev/web/gittesting (master)
$ git branch
  OffInitialCommit
  alternateHead
* master

Lopez@W2F MINGW64 /f/dev/web/gittesting (master)
$ git log
commit 6ce34b36941de4980c2c0d448c15550fcca42c5e
Author: solondon <jlopez@jlopez.co.uk>
Date:   Wed Aug 3 11:18:19 2016 +0100

    removed Testing.txt

commit 2d5243c2ef528211a5056d9c8dabbaec50b6f7a6
Author: solondon <jlopez@jlopez.co.uk>
Date:   Fri Jul 29 16:39:05 2016 +0100

    added command log gitbash

commit dbe85cf87ca4daa3209bb56b8c49e129f101d5cd
Author: solondon <jlopez@jlopez.co.uk>
Date:   Fri Jul 29 15:21:54 2016 +0100

    third commit

commit d9ac5cbbfd9f63cd75e38e56761a39b255e85123
Author: solondon <jlopez@jlopez.co.uk>
Date:   Fri Jul 29 15:13:04 2016 +0100

    second commit

commit bda85c691b3708e77e0d34f92a0db473be617efd
Author: Juan Lopez <jlopez@jlopez.co.uk>
Date:   Fri Jul 29 14:43:16 2016 +0100

    initial commit

Lopez@W2F MINGW64 /f/dev/web/gittesting (master)
$ git branch app01

Lopez@W2F MINGW64 /f/dev/web/gittesting (master)
$ git branch
  OffInitialCommit
  alternateHead
  app01
* master

Lopez@W2F MINGW64 /f/dev/web/gittesting (master)
$ git checkout app01
M       GitCommands.txt
Switched to branch 'app01'

Lopez@W2F MINGW64 /f/dev/web/gittesting (app01)
$ git branch
  OffInitialCommit
  alternateHead
* app01
  master

Lopez@W2F MINGW64 /f/dev/web/gittesting (app01)
$ git status
On branch app01
Changes not staged for commit:
  (use "git add <file>..." to update what will be committed)
  (use "git checkout -- <file>..." to discard changes in working directory)

        modified:   GitCommands.txt

no changes added to commit (use "git add" and/or "git commit -a")

Lopez@W2F MINGW64 /f/dev/web/gittesting (app01)
$ git checkout GitCommands.txt

Lopez@W2F MINGW64 /f/dev/web/gittesting (app01)
$ git status
On branch app01
nothing to commit, working directory clean

Lopez@W2F MINGW64 /f/dev/web/gittesting (app01)
$ git status
On branch app01
Changes not staged for commit:
  (use "git add <file>..." to update what will be committed)
  (use "git checkout -- <file>..." to discard changes in working directory)

        modified:   GitCommands.txt

no changes added to commit (use "git add" and/or "git commit -a")

Lopez@W2F MINGW64 /f/dev/web/gittesting (app01)
$ git add .

Lopez@W2F MINGW64 /f/dev/web/gittesting (app01)
$ git status
On branch app01
Changes to be committed:
  (use "git reset HEAD <file>..." to unstage)

        modified:   GitCommands.txt


Lopez@W2F MINGW64 /f/dev/web/gittesting (app01)
$ git commit -m "amended gitcommands log"
[app01 e0da4d5] amended gitcommands log
 1 file changed, 367 insertions(+)

Lopez@W2F MINGW64 /f/dev/web/gittesting (app01)
$ git status
On branch app01
nothing to commit, working directory clean

Lopez@W2F MINGW64 /f/dev/web/gittesting (app01)
$ git checkout master
Switched to branch 'master'

Lopez@W2F MINGW64 /f/dev/web/gittesting (master)
$ git branch
  OffInitialCommit
  alternateHead
  app01
* master

Lopez@W2F MINGW64 /f/dev/web/gittesting (master)
$ git merge app01
Updating 6ce34b3..e0da4d5
Fast-forward
 GitCommands.txt | 367 ++++++++++++++++++++++++++++++++++++++++++++++++++++++++
 1 file changed, 367 insertions(+)

Lopez@W2F MINGW64 /f/dev/web/gittesting (master)
$ git status
On branch master
nothing to commit, working directory clean

Lopez@W2F MINGW64 /f/dev/web/gittesting (master)
$ git log
commit e0da4d5524ba0caf3d65193288784fc4fc1e9feb
Author: solondon <jlopez@jlopez.co.uk>
Date:   Wed Aug 3 11:45:27 2016 +0100

    amended gitcommands log

commit 6ce34b36941de4980c2c0d448c15550fcca42c5e
Author: solondon <jlopez@jlopez.co.uk>
Date:   Wed Aug 3 11:18:19 2016 +0100

    removed Testing.txt

commit 2d5243c2ef528211a5056d9c8dabbaec50b6f7a6
Author: solondon <jlopez@jlopez.co.uk>
Date:   Fri Jul 29 16:39:05 2016 +0100

    added command log gitbash

commit dbe85cf87ca4daa3209bb56b8c49e129f101d5cd
Author: solondon <jlopez@jlopez.co.uk>
Date:   Fri Jul 29 15:21:54 2016 +0100

    third commit

commit d9ac5cbbfd9f63cd75e38e56761a39b255e85123
Author: solondon <jlopez@jlopez.co.uk>
Date:   Fri Jul 29 15:13:04 2016 +0100

    second commit

commit bda85c691b3708e77e0d34f92a0db473be617efd
Author: Juan Lopez <jlopez@jlopez.co.uk>
Date:   Fri Jul 29 14:43:16 2016 +0100

    initial commit

Lopez@W2F MINGW64 /f/dev/web/gittesting (master)
$ git branch
  OffInitialCommit
  alternateHead
  app01
* master

Lopez@W2F MINGW64 /f/dev/web/gittesting (master)
$ git branch -m app01 app1

Lopez@W2F MINGW64 /f/dev/web/gittesting (master)
$ git branch
  OffInitialCommit
  alternateHead
  app1
* master

Lopez@W2F MINGW64 /f/dev/web/gittesting (master)
$ git branch -D alternateHead
Deleted branch alternateHead (was 9c225f1).

Lopez@W2F MINGW64 /f/dev/web/gittesting (master)
$ git branch
  OffInitialCommit
  app1
* master

Lopez@W2F MINGW64 /f/dev/web/gittesting (master)
$ pwd
/f/dev/web/gittesting

Lopez@W2F MINGW64 /f/dev/web/gittesting (master)
$ cd ..

Lopez@W2F MINGW64 /f/dev/web
$ mkdir bootstrapEverlastingClassic

Lopez@W2F MINGW64 /f/dev/web
$ cd bootstrapEverlastingClassic

Lopez@W2F MINGW64 /f/dev/web/bootstrapEverlastingClassic
$ git clone https://github.com/planetoftheweb/bootstrap-everlastingclassic.git
Cloning into 'bootstrap-everlastingclassic'...
remote: Counting objects: 105, done.
remote: Total 105 (delta 0), reused 0 (delta 0), pack-reused 105
Receiving objects: 100% (105/105), 150.44 MiB | 349.00 KiB/s, done.
Resolving deltas: 100% (16/16), done.
Checking connectivity... done.

Lopez@W2F MINGW64 /f/dev/web/bootstrapEverlastingClassic
$ git branch
fatal: Not a git repository (or any of the parent directories): .git

Lopez@W2F MINGW64 /f/dev/web/bootstrapEverlastingClassic
$ git status
fatal: Not a git repository (or any of the parent directories): .git

Lopez@W2F MINGW64 /f/dev/web/bootstrapEverlastingClassic
$ cd bootstrap-everlastingclassic

Lopez@W2F MINGW64 /f/dev/web/bootstrapEverlastingClassic/bootstrap-everlastingclassic (master)
$ git status
On branch master
Your branch is up-to-date with 'origin/master'.
nothing to commit, working directory clean

Lopez@W2F MINGW64 /f/dev/web/bootstrapEverlastingClassic/bootstrap-everlastingclassic (master)
$ git branch
* master

Lopez@W2F MINGW64 /f/dev/web/bootstrapEverlastingClassic/bootstrap-everlastingclassic (master)
$ git branch -a
* master
  remotes/origin/HEAD -> origin/master
  remotes/origin/master

Lopez@W2F MINGW64 /f/dev/web/bootstrapEverlastingClassic/bootstrap-everlastingclassic (master)
$ git checkout -b master origin/master
fatal: A branch named 'master' already exists.

Lopez@W2F MINGW64 /f/dev/web/bootstrapEverlastingClassic/bootstrap-everlastingclassic (master)
$ cd ..

Lopez@W2F MINGW64 /f/dev/web/bootstrapEverlastingClassic
$ cd ..

Lopez@W2F MINGW64 /f/dev/web
$ mkdir responsive

Lopez@W2F MINGW64 /f/dev/web
$ cd responsive

Lopez@W2F MINGW64 /f/dev/web/responsive
$ git clone --mirror https://github.com/planetoftheweb/responsive.git .git
Cloning into bare repository '.git'...
remote: Counting objects: 490, done.
remote: Total 490 (delta 0), reused 0 (delta 0), pack-reused 490
Receiving objects: 100% (490/490), 725.82 KiB | 479.00 KiB/s, done.
Resolving deltas: 100% (225/225), done.
Checking connectivity... done.

Lopez@W2F MINGW64 /f/dev/web/responsive (master)
$ ls

Lopez@W2F MINGW64 /f/dev/web/responsive (master)
$ git config --bool core.bare false

Lopez@W2F MINGW64 /f/dev/web/responsive (master)
$ git reset --hard
HEAD is now at 4c801e0 Merge pull request #13 from ckschmieder/patch-1

Lopez@W2F MINGW64 /f/dev/web/responsive (master)
$ ls
builds/  components/  gulpfile.js  hero.png  package.json  README.md

Lopez@W2F MINGW64 /f/dev/web/responsive (master)
$ git branch
  ch01
  ch02_01
  ch02_02
  ch02_03
  ch02_04
  ch02_05
  ch02_06
  ch02_07
  ch03_01
  ch03_02
  ch03_03
  ch03_04
  ch03_05
  ch03_06
  ch03_07
  ch03_08
  ch03_09
  ch03_10
  ch03_11
  ch03_12
  ch04_01
  ch04_02
  ch04_03
  ch04_04
  ch04_05
  ch04_06
* master
  net_begin
  start

Lopez@W2F MINGW64 /f/dev/web/responsive (master)
$ git log
commit 4c801e0cccc2063b31b27988c2ebdbc209240a1c
Merge: a6dd98a 745ce15
Author: Ray Villalobos <ray@planetoftheweb.com>
Date:   Sun Apr 3 22:08:42 2016 -0400

    Merge pull request #13 from ckschmieder/patch-1

    Add rule for sourcemap

commit 745ce1506467627a4191c4767898b87b97f9fdd6
Author: Chris Schmieder <ckschmieder@users.noreply.github.com>
Date:   Sun Apr 3 16:42:58 2016 -0400

    Add rule for sourcemap

    gulp wasn't generating the sourcemap ('/style.css.map'), but adding in:

    sourcemap: true,

    has fixed this for me.

commit a6dd98aad49b694edc0831f03b3156249958ad76
Author: Ray Villalobos <ray@planetoftheweb.com>
Date:   Thu May 7 17:32:19 2015 -0400

    added hero graphic

commit c530f0d46bb8014e4fb73396f329c88c24bb3f9f
Author: Ray Villalobos <ray@planetoftheweb.com>
Date:   Wed Apr 29 02:28:05 2015 -0400

    minor changes

commit 1f6647757bf8661af73179d0d799c101cfe51102
Author: Ray Villalobos <ray@planetoftheweb.com>
Date:   Wed Apr 29 01:57:13 2015 -0400

    updated scripts

commit 798dc978acf947dcdcf61b0ab820cfd55456b2cf
Author: Ray Villalobos <ray@planetoftheweb.com>
Date:   Tue Apr 28 01:17:27 2015 -0400

    small updates

commit db646e46ec1b774f0933ec7ad89c1ae13c6502b6
Author: Ray Villalobos <ray@lynda.com>
Date:   Thu Aug 14 01:40:29 2014 -0400

    modified script to push to production

commit 6d52f84afd132d183b80f82c62b1c46b170064a8
Author: Ray Villalobos <ray@lynda.com>
Date:   Thu Aug 14 01:32:45 2014 -0400

    added conditional touch detection

commit 5f5c4462476ba3131f3ea37826caeac249db177d
Author: Ray Villalobos <ray@lynda.com>
Date:   Thu Aug 14 01:15:17 2014 -0400

    added room scrolling

commit c569f3077556b837eb0417882a34e2d77ef7fe74
Author: Ray Villalobos <ray@lynda.com>
Date:   Wed Aug 13 23:51:59 2014 -0400

    highlight nav on scroll

commit ff147b38c327b37abada871afad797c64e323c47
Author: Ray Villalobos <ray@lynda.com>
Date:   Wed Aug 13 23:32:10 2014 -0400

    added pinning and scrolling

commit 452069ccb81ce44ee00eddc4c382b720136953cb
Author: Ray Villalobos <ray@lynda.com>
Date:   Wed Aug 13 21:28:05 2014 -0400

    Creating Tween Animation

commit ed93cbe1608ceb9d6c212d864b435e9d44bff0c7
Author: Ray Villalobos <ray@lynda.com>
Date:   Wed Aug 13 20:57:54 2014 -0400

    finished adding footer

commit ff5504eff6e7d44db1aa021330b6eac3a1149f01
Author: Ray Villalobos <ray@lynda.com>
Date:   Wed Aug 13 19:02:01 2014 -0400

    added layout for attractions

commit c57749360a6e87bfc5c24fb917260876c3a2aed4
Author: Ray Villalobos <ray@lynda.com>
Date:   Wed Aug 13 18:47:57 2014 -0400

    Created split layout for events

commit c9de71884514ad19657f6840861dacb86e2c4e51
Author: Ray Villalobos <ray@lynda.com>
Date:   Wed Aug 13 17:45:13 2014 -0400

    modified mixins

commit 14d3f710c439bfda44f2c86ca3fd49549f846aec
Author: Ray Villalobos <ray@lynda.com>
Date:   Wed Aug 13 13:53:42 2014 -0400

    ch03_08

commit 1b5445defb22dd4ce1f34eba46b28df878210bc9
Author: Ray Villalobos <ray@lynda.com>
Date:   Wed Aug 13 02:05:52 2014 -0400

    03_07

commit a34c13c7ebb9cb09df8280a85042e6782148def3
Author: Ray Villalobos <ray@lynda.com>
Date:   Wed Aug 13 01:23:11 2014 -0400

    ch03_06PU

commit 9826f719ed166b239778ed1b4d5899b699ec7a41
Author: Ray Villalobos <ray@lynda.com>
Date:   Wed Aug 13 01:04:23 2014 -0400

    ch03_06

commit 85dfb477e6e9c0ec18877f4837c73ae09a9f06f0

    highlight nav on scroll

commit ff147b38c327b37abada871afad797c64e323c47
Author: Ray Villalobos <ray@lynda.com>
Date:   Wed Aug 13 23:32:10 2014 -0400

    added pinning and scrolling

commit 452069ccb81ce44ee00eddc4c382b720136953cb
Author: Ray Villalobos <ray@lynda.com>
Date:   Wed Aug 13 21:28:05 2014 -0400

    Creating Tween Animation

commit ed93cbe1608ceb9d6c212d864b435e9d44bff0c7
Author: Ray Villalobos <ray@lynda.com>
Date:   Wed Aug 13 20:57:54 2014 -0400

    finished adding footer

commit ff5504eff6e7d44db1aa021330b6eac3a1149f01
Author: Ray Villalobos <ray@lynda.com>
Date:   Wed Aug 13 19:02:01 2014 -0400

    added layout for attractions

commit c57749360a6e87bfc5c24fb917260876c3a2aed4
Author: Ray Villalobos <ray@lynda.com>
Date:   Wed Aug 13 18:47:57 2014 -0400

    Created split layout for events

commit c9de71884514ad19657f6840861dacb86e2c4e51
Author: Ray Villalobos <ray@lynda.com>
Date:   Wed Aug 13 17:45:13 2014 -0400

    modified mixins

commit 14d3f710c439bfda44f2c86ca3fd49549f846aec
Author: Ray Villalobos <ray@lynda.com>
Date:   Wed Aug 13 13:53:42 2014 -0400

    ch03_08

commit 1b5445defb22dd4ce1f34eba46b28df878210bc9
Author: Ray Villalobos <ray@lynda.com>
Date:   Wed Aug 13 02:05:52 2014 -0400

    03_07

commit a34c13c7ebb9cb09df8280a85042e6782148def3
Author: Ray Villalobos <ray@lynda.com>
Date:   Wed Aug 13 01:23:11 2014 -0400

    ch03_06PU

commit 9826f719ed166b239778ed1b4d5899b699ec7a41
Author: Ray Villalobos <ray@lynda.com>
Date:   Wed Aug 13 01:04:23 2014 -0400

    ch03_06

commit 85dfb477e6e9c0ec18877f4837c73ae09a9f06f0
:Stopped

Lopez@W2F MINGW64 /f/dev/web/responsive (master)
$ cd ..

Lopez@W2F MINGW64 /f/dev/web
Author: Ray Villalobos <ray@lynda.com>
Date:   Wed Aug 13 00:01:50 2014 -0400

    ch03_05

commit 2c48ac790261dcff82bc65451c704dbd44758b7b
Author: Ray Villalobos <ray@lynda.com>
Date:   Tue Aug 12 23:08:35 2014 -0400

    ch03_04

commit 36ad883bc96022bd65a098f3cba23a24423ec2f9
Author: Ray Villalobos <ray@lynda.com>
Date:   Tue Aug 12 20:57:16 2014 -0400

    ch03_03

commit 567d94a94c7739a9d5a2d0f7d7d172f3e94c7bb9
Author: Ray Villalobos <ray@lynda.com>
Date:   Tue Aug 12 19:26:09 2014 -0400

    ch03_02

commit e356720f3aef5e7d9595a3c69b86812ff5fad3fe
Author: Ray Villalobos <ray@lynda.com>
Date:   Tue Aug 12 17:51:56 2014 -0400

    ch03_01

commit 7645ad9bd4633a2380761e5372d27b5438872f4e
Author: Ray Villalobos <ray@lynda.com>
Date:   Mon Aug 11 22:52:23 2014 -0400

    ch02_07

commit 3806c8e2cc1787a9e4877984cfc5271d40e03f74
Author: Ray Villalobos <ray@lynda.com>
Date:   Mon Aug 11 21:56:02 2014 -0400

    ch02_06

commit c8ad77a21cbe2af4ee87c0ebd304e7249f652a9c
Author: Ray Villalobos <ray@lynda.com>
Date:   Mon Aug 11 20:29:20 2014 -0400

    ch02_05

commit 0646a048d6c3c354d886ef2f1ab819aaffd6c4d3
Author: Ray Villalobos <ray@lynda.com>
Date:   Mon Aug 11 19:13:00 2014 -0400

    ch02_04

commit 9ea1a4d1358c5de3228537e4fda97963a083ddae
Author: Ray Villalobos <ray@lynda.com>
Date:   Mon Aug 11 18:57:40 2014 -0400

    ch02_03

commit b4b39b3bbb0adc68729dbb96699ee1b6a1cea0a5
Author: Ray Villalobos <ray@lynda.com>
Date:   Mon Aug 11 11:32:14 2014 -0400

    ch02_02
bash: c: command not found

Lopez@W2F MINGW64 /f/dev/web
$ cd GitTesting

Lopez@W2F MINGW64 /f/dev/web/GitTesting (master)
$ git status
On branch master
nothing to commit, working directory clean

Lopez@W2F MINGW64 /f/dev/web/GitTesting (master)
$

